> Task :app:preBuild UP-TO-DATE
> Task :app:preDebugBuild UP-TO-DATE
> Task :app:mergeDebugNativeDebugMetadata NO-SOURCE
> Task :app:checkKotlinGradlePluginConfigurationErrors
> Task :app:generateDebugBuildConfig UP-TO-DATE
> Task :app:checkDebugAarMetadata UP-TO-DATE
> Task :app:processDebugNavigationResources UP-TO-DATE
> Task :app:compileDebugNavigationResources UP-TO-DATE
> Task :app:generateDebugResValues UP-TO-DATE
> Task :app:mapDebugSourceSetPaths UP-TO-DATE
> Task :app:generateDebugResources UP-TO-DATE
> Task :app:mergeDebugResources UP-TO-DATE
> Task :app:packageDebugResources UP-TO-DATE
> Task :app:parseDebugLocalResources UP-TO-DATE
> Task :app:createDebugCompatibleScreenManifests UP-TO-DATE
> Task :app:extractDeepLinksDebug UP-TO-DATE
> Task :app:processDebugMainManifest UP-TO-DATE
> Task :app:processDebugManifest UP-TO-DATE
> Task :app:processDebugManifestForPackage UP-TO-DATE
> Task :app:processDebugResources UP-TO-DATE
> Task :app:javaPreCompileDebug UP-TO-DATE
> Task :app:mergeDebugShaders UP-TO-DATE
> Task :app:compileDebugShaders NO-SOURCE
> Task :app:generateDebugAssets UP-TO-DATE
> Task :app:mergeDebugAssets UP-TO-DATE
> Task :app:compressDebugAssets UP-TO-DATE
> Task :app:desugarDebugFileDependencies UP-TO-DATE
> Task :app:checkDebugDuplicateClasses UP-TO-DATE
> Task :app:mergeExtDexDebug UP-TO-DATE
> Task :app:mergeLibDexDebug UP-TO-DATE
> Task :app:mergeDebugJniLibFolders UP-TO-DATE
> Task :app:mergeDebugNativeLibs NO-SOURCE
> Task :app:stripDebugDebugSymbols NO-SOURCE
> Task :app:validateSigningDebug UP-TO-DATE
> Task :app:writeDebugAppMetadata UP-TO-DATE
> Task :app:writeDebugSigningConfigVersions UP-TO-DATE

> Task :app:compileDebugKotlin FAILED
.\gradlew.bat : e: file:///C:/Users/iulia/OneDrive/College/Documente/Development/grupetto/app/src/main/java/com/spop/poverlay/antplus/AntPlusHandler.kt:33:57 Unresolved reference: getInstance
At line:1 char:70
+ ... \grupetto"; .\gradlew.bat assembleDebug 2>&1 > build_output.txt; Get- ...
+                 ~~~~~~~~~~~~~~~~~~~~~~~~~~~~~~~~~~~~~~~~~~~~~~~~~~~
    + CategoryInfo          : NotSpecified: (e: file:///C:/U...ce: getInstance:String) [], RemoteException
    + FullyQualifiedErrorId : NativeCommandError
 
e: file:///C:/Users/iulia/OneDrive/College/Documente/Development/grupetto/app/src/main/java/com/spop/poverlay/antplus/AntPlusHandler.kt:39:25 Unresolved reference: setChannelType
e: file:///C:/Users/iulia/OneDrive/College/Documente/Development/grupetto/app/src/main/java/com/spop/poverlay/antplus/AntPlusHandler.kt:49:25 Unresolved reference: setChannelFreq
e: file:///C:/Users/iulia/OneDrive/College/Documente/Development/grupetto/app/src/main/java/com/spop/poverlay/antplus/AntPlusHandler.kt:50:25 Unresolved reference: setChannelPeriod
e: file:///C:/Users/iulia/OneDrive/College/Documente/Development/grupetto/app/src/main/java/com/spop/poverlay/antplus/AntPlusHandler.kt:59:25 Unresolved reference: setChannelType
e: file:///C:/Users/iulia/OneDrive/College/Documente/Development/grupetto/app/src/main/java/com/spop/poverlay/antplus/AntPlusHandler.kt:69:25 Unresolved reference: setChannelFreq
e: file:///C:/Users/iulia/OneDrive/College/Documente/Development/grupetto/app/src/main/java/com/spop/poverlay/antplus/AntPlusHandler.kt:70:25 Unresolved reference: setChannelPeriod
e: file:///C:/Users/iulia/OneDrive/College/Documente/Development/grupetto/app/src/main/java/com/spop/poverlay/antplus/AntPlusHandler.kt:101:25 Unresolved reference: sendBroadcast
e: file:///C:/Users/iulia/OneDrive/College/Documente/Development/grupetto/app/src/main/java/com/spop/poverlay/antplus/AntPlusHandler.kt:128:25 Unresolved reference: sendBroadcast

[Incubating] Problems report is available at: file:///C:/Users/iulia/OneDrive/College/Documente/Development/grupetto/build/reports/problems/problems-report.html

FAILURE: Build failed with an exception.

* What went wrong:
Execution failed for task ':app:compileDebugKotlin'.
> A failure occurred while executing org.jetbrains.kotlin.compilerRunner.GradleCompilerRunnerWithWorkers$GradleKotlinCompilerWorkAction
   > Compilation error. See log for more details

* Try:
> Run with --stacktrace option to get the stack trace.
> Run with --info or --debug option to get more log output.
> Run with --scan to generate a Build Scan (Powered by Develocity).
> Get more help at https://help.gradle.org.

Deprecated Gradle features were used in this build, making it incompatible with Gradle 10.

You can use '--warning-mode all' to show the individual deprecation warnings and determine if they come from your own scripts or plugins.

For more on this, please refer to https://docs.gradle.org/9.0.0/userguide/command_line_interface.html#sec:command_line_warnings in the Gradle documentation.

BUILD FAILED in 5s
30 actionable tasks: 2 executed, 28 up-to-date
